[backblue.gif]
[fade.gif]
[index.html]
[www.w3schools.com/w3css/4/w3.css]
[cdnjs.cloudflare.com/ajax/libs/font-awesome/4.7.0/css/font-awesome.min.css]
[emeraldgroupjpr.co.in/css/media-queries.css]
[emeraldgroupjpr.co.in/css/light.css]
[emeraldgroupjpr.co.in/js/modernizr-2.6.2.min.js]
[emeraldgroupjpr.co.in/WebResourceeb3a.js]
[emeraldgroupjpr.co.in/ScriptResource17e9.js]
[emeraldgroupjpr.co.in/ScriptResource406d.js]
[emeraldgroupjpr.co.in/img/preloader.gif]
[emeraldgroupjpr.co.in/Default.html]
[emeraldgroupjpr.co.in/img/Logo1.png]
[emeraldgroupjpr.co.in/RegistrationForm.html]
[emeraldgroupjpr.co.in/PrintAdmitCard.html]
[emeraldgroupjpr.co.in/img/iso1.png]
[emeraldgroupjpr.co.in/result.html]
[emeraldgroupjpr.co.in/Placements.html]
[emeraldgroupjpr.co.in/img/sdd.jpg]
[emeraldgroupjpr.co.in/img/05.jpg]
[emeraldgroupjpr.co.in/img/003.jpg]
[emeraldgroupjpr.co.in/img/04.jpg]
[emeraldgroupjpr.co.in/img/source.gif]
[emeraldgroupjpr.co.in/img/works/item01.jpg]
[emeraldgroupjpr.co.in/img/works/item02.jpg]
[emeraldgroupjpr.co.in/img/works/item03.jpg]
[emeraldgroupjpr.co.in/img/works/item04.jpg]
[emeraldgroupjpr.co.in/img/works/item05.jpg]
[emeraldgroupjpr.co.in/img/works/item06.jpg]
[emeraldgroupjpr.co.in/img/works/item07.jpg]
[emeraldgroupjpr.co.in/img/works/item08.jpg]
[emeraldgroupjpr.co.in/img/works/item09.jpg]
[emeraldgroupjpr.co.in/img/works/item10.jpg]
[emeraldgroupjpr.co.in/img/chart.png]
[emeraldgroupjpr.co.in/js/jquery.singlePageNav.min.js]
[emeraldgroupjpr.co.in/js/jquery-1.11.1.min.js]
[emeraldgroupjpr.co.in/js/bootstrap.min.js]
[emeraldgroupjpr.co.in/js/jquery.fancybox.pack.js]
[emeraldgroupjpr.co.in/js/jquery.parallax-1.1.3.js]
[emeraldgroupjpr.co.in/js/jquery.mixitup.min.js]
[emeraldgroupjpr.co.in/js/jquery-countTo.js]
[emeraldgroupjpr.co.in/js/jquery.appear.js]
[cdnjs.cloudflare.com/ajax/libs/jquery.form/3.32/jquery.form.js]
[cdnjs.cloudflare.com/ajax/libs/jquery-validate/1.11.1/jquery.validate.min.js]
[emeraldgroupjpr.co.in/js/jquery.easing.min.js]
[emeraldgroupjpr.co.in/js/wow.min.js]
[emeraldgroupjpr.co.in/index.html]
[www.w3schools.com/w3css/4/w3.css]
[cdnjs.cloudflare.com/ajax/libs/font-awesome/4.7.0/css/font-awesome.min.css]
[emeraldgroupjpr.co.in/js/custom.js]
[emeraldgroupjpr.co.in/fonts/fontawesome-webfont78ce.eot]
[emeraldgroupjpr.co.in/fonts/fontawesome-webfontd41d.eot]
[emeraldgroupjpr.co.in/fonts/fontawesome-webfont78ce.woff]
[emeraldgroupjpr.co.in/fonts/fontawesome-webfont78ce.ttf]
[emeraldgroupjpr.co.in/css/font-awesome.min.css]
[emeraldgroupjpr.co.in/css/bootstrap.min.css]
[emeraldgroupjpr.co.in/css/fancybox_sprite.png]
[emeraldgroupjpr.co.in/css/fancybox_loading.gif]
[emeraldgroupjpr.co.in/css/fancybox_overlay.png]
[emeraldgroupjpr.co.in/css/jquery.fancybox.css]
[emeraldgroupjpr.co.in/css/animate.css]
[emeraldgroupjpr.co.in/img/22.jpg]
[emeraldgroupjpr.co.in/img/555.jpg]
[emeraldgroupjpr.co.in/img/parallax/set.png]
[emeraldgroupjpr.co.in/img/envelop.png]
[emeraldgroupjpr.co.in/css/main.css]
[emeraldgroupjpr.co.in/css/media-queries.css]
[emeraldgroupjpr.co.in/css/light.css]
[emeraldgroupjpr.co.in/WebResourceeb3a.js]
[emeraldgroupjpr.co.in/ScriptResource406d.js]
[emeraldgroupjpr.co.in/ScriptResource17e9.js]
[emeraldgroupjpr.co.in/Default.html]
[code.jquery.com/ui/1.12.1/themes/base/jquery-ui.css]
[code.jquery.com/jquery-1.12.4.js]
[maxcdn.bootstrapcdn.com/bootstrap/3.3.7/css/bootstrap.min.css]
[emeraldgroupjpr.co.in/RegistrationForm.html]
[emeraldgroupjpr.co.in/css/Print.css]
[emeraldgroupjpr.co.in/PrintAdmitCard.html]
[code.jquery.com/ui/1.12.1/jquery-ui.js]
[code.jquery.com/jquery-2.1.1.min.js]
[ajax.googleapis.com/ajax/libs/jquery/1.6/jquery.min.js]
[ajax.googleapis.com/ajax/libs/jqueryui/1.8/jquery-ui.min.js]
[emeraldgroupjpr.co.in/result.html]
[emeraldgroupjpr.co.in/New img/1.jpg]
[emeraldgroupjpr.co.in/New img/2.jpg]
[emeraldgroupjpr.co.in/New img/3.jpg]
[emeraldgroupjpr.co.in/New img/4.jpg]
[emeraldgroupjpr.co.in/New img/5.jpg]
[emeraldgroupjpr.co.in/New img/6.jpg]
[emeraldgroupjpr.co.in/New img/7.jpg]
[emeraldgroupjpr.co.in/New img/8.jpg]
[emeraldgroupjpr.co.in/New img/9.jpg]
[emeraldgroupjpr.co.in/New img/10.jpg]
[emeraldgroupjpr.co.in/New img/11.jpg]
[emeraldgroupjpr.co.in/New img/12.jpg]
[emeraldgroupjpr.co.in/New img/13.jpg]
[emeraldgroupjpr.co.in/New img/14.jpg]
[emeraldgroupjpr.co.in/New img/15.jpg]
[emeraldgroupjpr.co.in/New img/16.jpg]
[emeraldgroupjpr.co.in/New img/17.jpg]
[emeraldgroupjpr.co.in/Placements.html]
[emeraldgroupjpr.co.in/fonts/fontawesome-webfont78ce.svg]
[emeraldgroupjpr.co.in/fonts/glyphicons-halflings-regular.html]
[emeraldgroupjpr.co.in/fonts/glyphicons-halflings-regulard41d.html]
[emeraldgroupjpr.co.in/fonts/glyphicons-halflings-regular-2.html]
[emeraldgroupjpr.co.in/fonts/glyphicons-halflings-regular-3.html]
[emeraldgroupjpr.co.in/fonts/glyphicons-halflings-regular-4.html]
[emeraldgroupjpr.co.in/css/blank.html]
[emeraldgroupjpr.co.in/css/fancybox_sprite@2x.html]
[emeraldgroupjpr.co.in/css/fancybox_loading@2x.html]
[emeraldgroupjpr.co.in/POST.html]
[emeraldgroupjpr.co.in/Firefox/index.html]
[emeraldgroupjpr.co.in/AppleWebKit/index.html]
[emeraldgroupjpr.co.in/Opera/index.html]
[emeraldgroupjpr.co.in/MicrosoftAjaxWebForms.html]
[emeraldgroupjpr.co.in/MicrosoftAjaxSerialization.html]
[emeraldgroupjpr.co.in/MicrosoftAjaxNetwork.html]
[emeraldgroupjpr.co.in/img/chart.png]
[code.jquery.com/ui/1.12.1/themes/base/images/ui-icons_444444_256x240.png]
[code.jquery.com/ui/1.12.1/themes/base/images/ui-icons_555555_256x240.png]
[code.jquery.com/ui/1.12.1/themes/base/images/ui-icons_ffffff_256x240.png]
[code.jquery.com/ui/1.12.1/themes/base/images/ui-icons_777620_256x240.png]
[code.jquery.com/ui/1.12.1/themes/base/images/ui-icons_cc0000_256x240.png]
[code.jquery.com/ui/1.12.1/themes/base/images/ui-icons_777777_256x240.png]
[code.jquery.com/ui/1.12.1/themes/base/jquery-ui.css]
[maxcdn.bootstrapcdn.com/bootstrap/3.3.7/css/bootstrap.min.css]
[emeraldgroupjpr.co.in/css/Print.css]
[ajax.googleapis.com/ajax/libs/jqueryui/1.8/themes/base/images/ui-bg_flat_75_ffffff_40x100.png]
[ajax.googleapis.com/ajax/libs/jqueryui/1.8/themes/base/images/ui-bg_highlight-soft_75_cccccc_1x100.png]
[ajax.googleapis.com/ajax/libs/jqueryui/1.8/themes/base/images/ui-bg_glass_75_e6e6e6_1x400.png]
[ajax.googleapis.com/ajax/libs/jqueryui/1.8/themes/base/images/ui-bg_glass_75_dadada_1x400.png]
[ajax.googleapis.com/ajax/libs/jqueryui/1.8/themes/base/images/ui-bg_glass_65_ffffff_1x400.png]
[ajax.googleapis.com/ajax/libs/jqueryui/1.8/themes/base/images/ui-bg_glass_55_fbf9ee_1x400.png]
[ajax.googleapis.com/ajax/libs/jqueryui/1.8/themes/base/images/ui-bg_glass_95_fef1ec_1x400.png]
[ajax.googleapis.com/ajax/libs/jqueryui/1.8/themes/base/images/ui-icons_222222_256x240.png]
[ajax.googleapis.com/ajax/libs/jqueryui/1.8/themes/base/images/ui-icons_888888_256x240.png]
[ajax.googleapis.com/ajax/libs/jqueryui/1.8/themes/base/images/ui-icons_454545_256x240.png]
[ajax.googleapis.com/ajax/libs/jqueryui/1.8/themes/base/images/ui-icons_2e83ff_256x240.png]
[ajax.googleapis.com/ajax/libs/jqueryui/1.8/themes/base/images/ui-icons_cd0a0a_256x240.png]
[ajax.googleapis.com/ajax/libs/jqueryui/1.8/themes/base/images/ui-bg_flat_0_aaaaaa_40x100.png]
[ajax.googleapis.com/ajax/libs/jqueryui/1.8/themes/base/jquery-ui.css]
[emeraldgroupjpr.co.in/institute.html]
[emeraldgroupjpr.co.in/Program.html]
[emeraldgroupjpr.co.in/Campus.html]
[emeraldgroupjpr.co.in/Tranning.html]
[emeraldgroupjpr.co.in/Team.html]
[emeraldgroupjpr.co.in/contacts.html]
